># Comments
#^^^^^^^^^^ source.just comment.line.number-sign.just
>
># Standard comment
#^^^^^^^^^^^^^^^^^^ source.just comment.line.number-sign.just
>
>something # Comment after code
#^^^^^^^^^^ source.just
#          ^^^^^^^^^^^^^^^^^^^^ source.just comment.line.number-sign.just
>
># Imports
#^^^^^^^^^ source.just comment.line.number-sign.just
>
>import 'foo/bar.just'
#^^^^^^ source.just keyword.other.reserved.just
#      ^ source.just
#       ^ source.just string.quoted.single.just string.quoted.single.just
#        ^^^^^^^^^^^^ source.just string.quoted.single.just
#                    ^ source.just string.quoted.single.just
>import? 'foo/bar.just'
#^^^^^^ source.just keyword.other.reserved.just
#      ^ source.just keyword.operator.optional.just
#       ^ source.just
#        ^ source.just string.quoted.single.just string.quoted.single.just
#         ^^^^^^^^^^^^ source.just string.quoted.single.just
#                     ^ source.just string.quoted.single.just
>
>mod bar
#^^^ source.just keyword.other.reserved.just
#   ^ source.just
#    ^^^ source.just variable.name.module.just
>mod? bar
#^^^ source.just keyword.other.reserved.just
#   ^ source.just keyword.operator.optional.just
#    ^ source.just
#     ^^^ source.just variable.name.module.just
>mode bar 'foo/bar.just'
#^^^^^^^^^ source.just
#         ^ source.just string.quoted.single.just string.quoted.single.just
#          ^^^^^^^^^^^^ source.just string.quoted.single.just
#                      ^ source.just string.quoted.single.just
>