>
># Aliases
#^^^^^^^^^ source.just comment.line.number-sign.just
>
>alias b := build
#^^^^^ source.just keyword.other.assignment.just
#     ^ source.just
#      ^ source.just variable.other.just
#       ^ source.just
#        ^^ source.just keyword.operator.assignment.just
#          ^^^^^^^ source.just
>
>build:
#^^^^^ source.just entity.name.function.just
#     ^ source.just keyword.operator.recipe.end.just
>  echo 'Building!'
#^^^^^^^ source.just
#       ^ source.just string.quoted.single.just
#        ^^^^^^^^^ source.just string.quoted.single.just
#                 ^ source.just string.quoted.single.just
>
># Settings
#^^^^^^^^^^ source.just comment.line.number-sign.just
>
>set allow-duplicate-recipes := false
#^^^ source.just keyword.other.reserved.just
#   ^ source.just
#    ^^^^^^^^^^^^^^^^^^^^^^^ source.just variable.language.setting.just
#                           ^ source.just
#                            ^^ source.just keyword.operator.assignment.just
#                              ^ source.just
#                               ^^^^^ source.just constant.language.boolean.just
>
># Variables and substitution
#^^^^^^^^^^^^^^^^^^^^^^^^^^^^ source.just comment.line.number-sign.just
>
>tmpdir  := `mktemp -d`
#^^^^^^ source.just variable.other.just
#      ^^ source.just
#        ^^ source.just keyword.operator.assignment.just
#          ^ source.just
#           ^ source.just string.interpolated.just
#            ^^^^^^^^^ source.just source.shell
#                     ^ source.just string.interpolated.just
>version := "0.2.7"
#^^^^^^^ source.just variable.other.just
#       ^ source.just
#        ^^ source.just keyword.operator.assignment.just
#          ^ source.just
#           ^ source.just string.quoted.double.just
#            ^^^^^ source.just string.quoted.double.just
#                 ^ source.just string.quoted.double.just
>tardir  := tmpdir / "awesomesauce-" + version
#^^^^^^ source.just variable.other.just
#      ^^ source.just
#        ^^ source.just keyword.operator.assignment.just
#          ^^^^^^^^ source.just
#                  ^ source.just keyword.operator.path-join.just
#                   ^ source.just
#                    ^ source.just string.quoted.double.just
#                     ^^^^^^^^^^^^^ source.just string.quoted.double.just
#                                  ^ source.just string.quoted.double.just
#                                   ^ source.just
#                                    ^ source.just keyword.operator.concat.just
#                                     ^^^^^^^^^ source.just
>tarball := tardir + ".tar.gz"
#^^^^^^^ source.just variable.other.just
#       ^ source.just
#        ^^ source.just keyword.operator.assignment.just
#          ^^^^^^^^ source.just
#                  ^ source.just keyword.operator.concat.just
#                   ^ source.just
#                    ^ source.just string.quoted.double.just
#                     ^^^^^^^ source.just string.quoted.double.just
#                            ^ source.just string.quoted.double.just
>
>foo := "a/"
#^^^ source.just variable.other.just
#   ^ source.just
#    ^^ source.just keyword.operator.assignment.just
#      ^ source.just
#       ^ source.just string.quoted.double.just
#        ^^ source.just string.quoted.double.just
#          ^ source.just string.quoted.double.just
>bar := foo / "b"
#^^^ source.just variable.other.just
#   ^ source.just
#    ^^ source.just keyword.operator.assignment.just
#      ^^^^^ source.just
#           ^ source.just keyword.operator.path-join.just
#            ^ source.just
#             ^ source.just string.quoted.double.just
#              ^ source.just string.quoted.double.just
#               ^ source.just string.quoted.double.just
>
>export RUST_BACKTRACE := "1"
#^^^^^^ source.just keyword.other.assignment.just
#      ^ source.just
#       ^^^^^^^^^^^^^^ source.just variable.other.just
#                     ^ source.just
#                      ^^ source.just keyword.operator.assignment.just
#                        ^ source.just
#                         ^ source.just string.quoted.double.just
#                          ^ source.just string.quoted.double.just
#                           ^ source.just string.quoted.double.just
>
>