># Constants
#^^^^^^^^^^^ source.just comment.line.number-sign.just
>
>true
#^^^^ source.just constant.language.boolean.just
>false
#^^^^^ source.just constant.language.boolean.just
>
>1234
#^^^^ source.just constant.numeric.just
>1234.
#^^^^^ source.just constant.numeric.just
>12.34
#^^^^^ source.just constant.numeric.just
>0.1234
#^^^^^^ source.just constant.numeric.just
>.1234
#^^^^^ source.just constant.numeric.just
>
>HEX
#^^^ source.just constant.language.hex.just
>HEXLOWER
#^^^^^^^^ source.just constant.language.hex.just
>HEXUPPER
#^^^^^^^^ source.just constant.language.hex.just
>