># Strings
#^^^^^^^^^ source.just comment.line.number-sign.just
>
># Quote within a string
#^^^^^^^^^^^^^^^^^^^^^^^ source.just comment.line.number-sign.just
>
>single-quote := "don't be afraid of contractions"
#^^^^^^^^^^^^ source.just variable.other.just
#            ^ source.just
#             ^^ source.just keyword.operator.assignment.just
#               ^ source.just
#                ^ source.just string.quoted.double.just string.quoted.double.just
#                 ^^^^^^^^^^^^^^^^^^^^^^^^^^^^^^^ source.just string.quoted.double.just
#                                                ^ source.just string.quoted.double.just
>
># Escaping sequences
#^^^^^^^^^^^^^^^^^^^^ source.just comment.line.number-sign.just
>
>carriage-return   := "\r"
#^^^^^^^^^^^^^^^ source.just variable.other.just
#               ^^^ source.just
#                  ^^ source.just keyword.operator.assignment.just
#                    ^ source.just
#                     ^ source.just string.quoted.double.just string.quoted.double.just
#                      ^^ source.just string.quoted.double.just constant.character.escape.just
#                        ^ source.just string.quoted.double.just
>double-quote      := "\""
#^^^^^^^^^^^^ source.just variable.other.just
#            ^^^^^^ source.just
#                  ^^ source.just keyword.operator.assignment.just
#                    ^ source.just
#                     ^ source.just string.quoted.double.just string.quoted.double.just
#                      ^^ source.just string.quoted.double.just constant.character.escape.just
#                        ^ source.just string.quoted.double.just
>newline           := "\n"
#^^^^^^^ source.just variable.other.just
#       ^^^^^^^^^^^ source.just
#                  ^^ source.just keyword.operator.assignment.just
#                    ^ source.just
#                     ^ source.just string.quoted.double.just string.quoted.double.just
#                      ^^ source.just string.quoted.double.just constant.character.escape.just
#                        ^ source.just string.quoted.double.just
>no-newline        := "\
#^^^^^^^^^^ source.just variable.other.just
#          ^^^^^^^^ source.just
#                  ^^ source.just keyword.operator.assignment.just
#                    ^ source.just
#                     ^ source.just string.quoted.double.just string.quoted.double.just
#                      ^^ source.just string.quoted.double.just
>"
#^ source.just string.quoted.double.just
>slash             := "\\"
#^^^^^ source.just variable.other.just
#     ^^^^^^^^^^^^^ source.just
#                  ^^ source.just keyword.operator.assignment.just
#                    ^ source.just
#                     ^ source.just string.quoted.double.just string.quoted.double.just
#                      ^^ source.just string.quoted.double.just constant.character.escape.just
#                        ^ source.just string.quoted.double.just
>tab               := "\t"
#^^^ source.just variable.other.just
#   ^^^^^^^^^^^^^^^ source.just
#                  ^^ source.just keyword.operator.assignment.just
#                    ^ source.just
#                     ^ source.just string.quoted.double.just string.quoted.double.just
#                      ^^ source.just string.quoted.double.just constant.character.escape.just
#                        ^ source.just string.quoted.double.just
>unicode-codepoint := "\u{1F916}"
#^^^^^^^^^^^^^^^^^ source.just variable.other.just
#                 ^ source.just
#                  ^^ source.just keyword.operator.assignment.just
#                    ^ source.just
#                     ^ source.just string.quoted.double.just string.quoted.double.just
#                      ^^^^^^^^^ source.just string.quoted.double.just constant.character.escape.just
#                               ^ source.just string.quoted.double.just
>non-unicode-not-escaped := "\a{1F916}"
#^^^^^^^^^^^^^^^^^^^^^^^ source.just variable.other.just
#                       ^ source.just
#                        ^^ source.just keyword.operator.assignment.just
#                          ^ source.just
#                           ^ source.just string.quoted.double.just string.quoted.double.just
#                            ^^ source.just string.quoted.double.just constant.character.escape.just
#                              ^^^^^^^ source.just string.quoted.double.just
#                                     ^ source.just string.quoted.double.just
>
>escapes := """\t\n\r\"\u{123}\\"""
#^^^^^^^ source.just variable.other.just
#       ^ source.just
#        ^^ source.just keyword.operator.assignment.just
#          ^ source.just
#           ^^^ source.just string.quoted.double.indented.just string.quoted.double.indented.just
#              ^^ source.just string.quoted.double.indented.just constant.character.escape.just
#                ^^ source.just string.quoted.double.indented.just constant.character.escape.just
#                  ^^ source.just string.quoted.double.indented.just constant.character.escape.just
#                    ^^ source.just string.quoted.double.indented.just constant.character.escape.just
#                      ^^^^^^^ source.just string.quoted.double.indented.just constant.character.escape.just
#                             ^^ source.just string.quoted.double.indented.just constant.character.escape.just
#                               ^^^ source.just string.quoted.double.indented.just
>escapes := '\t\n\r\"\u{123}\\'
#^^^^^^^ source.just variable.other.just
#       ^ source.just
#        ^^ source.just keyword.operator.assignment.just
#          ^ source.just
#           ^ source.just string.quoted.single.just string.quoted.single.just
#            ^^^^^^^^^^^^^^^^^ source.just string.quoted.single.just
#                             ^ source.just string.quoted.single.just
>escapes := '''\t\n\r\"\u{123}\\'''
#^^^^^^^ source.just variable.other.just
#       ^ source.just
#        ^^ source.just keyword.operator.assignment.just
#          ^ source.just
#           ^^^ source.just string.quoted.single.indented.just string.quoted.single.indented.just
#              ^^^^^^^^^^^^^^^^^ source.just string.quoted.single.indented.just
#                               ^^^ source.just string.quoted.single.indented.just
>
># Multi-line
#^^^^^^^^^^^^ source.just comment.line.number-sign.just
>
>single := '
#^^^^^^ source.just variable.other.just
#      ^ source.just
#       ^^ source.just keyword.operator.assignment.just
#         ^ source.just
#          ^ source.just string.quoted.single.just string.quoted.single.just
>hello
#^^^^^^ source.just string.quoted.single.just
>'
#^ source.just string.quoted.single.just
>
>double := "
#^^^^^^ source.just variable.other.just
#      ^ source.just
#       ^^ source.just keyword.operator.assignment.just
#         ^ source.just
#          ^ source.just string.quoted.double.just string.quoted.double.just
>goodbye
#^^^^^^^^ source.just string.quoted.double.just
>"
#^ source.just string.quoted.double.just
>
># Indented
#^^^^^^^^^^ source.just comment.line.number-sign.just
>
>x := '''
#^ source.just variable.other.just
# ^ source.just
#  ^^ source.just keyword.operator.assignment.just
#    ^ source.just
#     ^^^ source.just string.quoted.single.indented.just string.quoted.single.indented.just
>  foo
#^^^^^^ source.just string.quoted.single.indented.just
>  bar
#^^^^^^ source.just string.quoted.single.indented.just
>'''
#^^^ source.just string.quoted.single.indented.just
>
>y := """
#^ source.just variable.other.just
# ^ source.just
#  ^^ source.just keyword.operator.assignment.just
#    ^ source.just
#     ^^^ source.just string.quoted.double.indented.just string.quoted.double.indented.just
>  abc
#^^^^^^ source.just string.quoted.double.indented.just
>    wuv
#^^^^^^^^ source.just string.quoted.double.indented.just
>  xyz
#^^^^^^ source.just string.quoted.double.indented.just
>"""
#^^^ source.just string.quoted.double.indented.just
>
># Expanded
#^^^^^^^^^^ source.just comment.line.number-sign.just
>
># TODO: should there be special highlighting for these strings?
#^^^^^^^^^^^^^^^^^^^^^^^^^^^^^^^^^^^^^^^^^^^^^^^^^^^^^^^^^^^^^^^ source.just comment.line.number-sign.just
>
>foobar  := x"~/$FOO/${BAR}"
#^^^^^^ source.just variable.other.just
#      ^^ source.just
#        ^^ source.just keyword.operator.assignment.just
#          ^ source.just
#           ^ source.just string.quoted.double.just constant.character.expanded.just
#            ^ source.just string.quoted.double.just string.quoted.double.just
#             ^^^^^^^^^^^^^ source.just string.quoted.double.just
#                          ^ source.just string.quoted.double.just
>foobar  := x"""~/$FOO/${BAR}"""
#^^^^^^ source.just variable.other.just
#      ^^ source.just
#        ^^ source.just keyword.operator.assignment.just
#          ^ source.just
#           ^ source.just string.quoted.double.indented.just constant.character.expanded.just
#            ^^^ source.just string.quoted.double.indented.just string.quoted.double.indented.just
#               ^^^^^^^^^^^^^ source.just string.quoted.double.indented.just
#                            ^^^ source.just string.quoted.double.indented.just
>foobar  := x'~/$FOO/${BAR}'
#^^^^^^ source.just variable.other.just
#      ^^ source.just
#        ^^ source.just keyword.operator.assignment.just
#          ^ source.just
#           ^ source.just string.quoted.single.just constant.character.expanded.just
#            ^ source.just string.quoted.single.just string.quoted.single.just
#             ^^^^^^^^^^^^^ source.just string.quoted.single.just
#                          ^ source.just string.quoted.single.just
>foobar  := x'''~/$FOO/${BAR}'''
#^^^^^^ source.just variable.other.just
#      ^^ source.just
#        ^^ source.just keyword.operator.assignment.just
#          ^ source.just
#           ^ source.just string.quoted.single.indented.just constant.character.expanded.just
#            ^^^ source.just string.quoted.single.indented.just string.quoted.single.indented.just
#               ^^^^^^^^^^^^^ source.just string.quoted.single.indented.just
#                            ^^^ source.just string.quoted.single.indented.just
>message := f'Hello, {{name}}!'
#^^^^^^^ source.just variable.other.just
#       ^ source.just
#        ^^ source.just keyword.operator.assignment.just
#          ^ source.just
#           ^ source.just string.quoted.single.just constant.character.expanded.just
#            ^ source.just string.quoted.single.just string.quoted.single.just
#             ^^^^^^^ source.just string.quoted.single.just
#                    ^^ source.just string.quoted.single.just string.interpolated.escaping.just string.interpolated.escape.just
#                      ^^^^ source.just string.quoted.single.just string.interpolated.escaping.just
#                          ^^ source.just string.quoted.single.just string.interpolated.escaping.just string.interpolated.escape.just
#                            ^ source.just string.quoted.single.just
#                             ^ source.just string.quoted.single.just
>foo     := f'I {{{{LOVE} curly braces!'
#^^^ source.just variable.other.just
#   ^^^^^ source.just
#        ^^ source.just keyword.operator.assignment.just
#          ^ source.just
#           ^ source.just string.quoted.single.just constant.character.expanded.just
#            ^ source.just string.quoted.single.just string.quoted.single.just
#             ^^^^^^^^^^^^^^^^^^^^^^^^^ source.just string.quoted.single.just
#                                      ^ source.just string.quoted.single.just
>